[2J[H[0;0H[1;1H[2;2H[3;3H[4;4H[5;5H[6;6H[7;7H[8;8H[9;9H[10;10H[11;11H[12;12H[24;7HMVUnassigned:rhs in var::var(CVR rhs)

MVUnassigned:rhs in var::var(CVR rhs)

Using Exodus library version:23 JAN 2022 10:14:37
Date is:23 JAN 2022
Time is:10:48:38
----------------------------------------------
sizeof
int:       4
long:      8
long int:  8
long long: 8
float:     4
double:    8

string:    32
long long: 8
double:    8
uint:      4
uint:      4  padding1
long long: 8  padding2
           ==
var:       56

std:string implementation
sizeof  : 32
Capacity: 15
Small   : 15
Big     : 16
top of the world
300.03
TRACE: var(10.0/3.0)="3.3333333333333335"
18
~^]}|
1,234.57
len=22781
NNNN_ 
NNNN
a1b2NNN3c99
NNNNN 
NNNN
a1b2_NN3c99
NNNNN 
NNNN
a1b2_NN3c99
a1b2_NN3c99
NNNNN 
NNNN
a1b2_NN3c99
NNNNN 
NNNN
aNbN_ 
NcNN
Ⅻ
⅝
test.htm
文字- Kanji 漢字- Hanja 漢字(UTF
𩶘
Γ
1e-14
0

=== print ===
l

l
 l
l
ppl
l
t	l
0 p0 pl
0 l
0	t	0 l
0 1 2 p0 1 2 pl
0 1 2 l
0	1	2	t	0 1 2 l
0-1-2-p0-1-2-pl
0-1-2-l
0-1-2-t-0-1-2-l
~ ^ ] }  |~ ^ ] }  |
0, 1, 2, p0, 1, 2, pl
0, 1, 2, l
0, 1, 2, t, 0, 1, 2, l
0012p012pl
0
012l
012l


=== errput ===
l

l
l
l
ppl
l
l
0 p0 pl
0 l
0 l
0 1 2 p0 1 2 pl
0 1 2 l
0 1 2 l

=== logput ===
l

l
l
l
ppl
l
l
0 p0 pl
0 l
0 l
0 1 2 p0 1 2 pl
0 1 2 l
0 1 2 l
TRACE: testfilex="t_vm.txt"
TRACE: testfilex="t_vm.txt"
TRACE: offsetx="0"
2
---------- latin CP437 ----------
256
~ !"#$%&'()*+,-./0123456789:;<=>?@ABCDEFGHIJKLMNOPQRSTUVWXYZ[\]^_`abcdefghijklmnopqrstuvwxyz{|}~ÇüéâäàåçêëèïîìÄÅÉæÆôöòûùÿÖÜ¢£¥₧ƒáíóúñÑªº¿⌐¬½¼¡«»░▒▓│┤╡╢╖╕╣║╗╝╜╛┐└┴┬├─┼╞╟╚╔╩╦╠═╬╧╨╤╥╙╘╒╓╫╪┘┌█▄▌▐▀αßΓπΣσµτΦΘΩδ∞φε∩≡±≥≤⌠⌡÷≈°∙·√ⁿ²■ 
round trip 1
double trip 1
~ !"#$%&'()*+,-./0123456789:;<=>?@ABCDEFGHIJKLMNOPQRSTUVWXYZ[\]^_`abcdefghijklmnopqrstuvwxyz{|}~ÇüéâäàåçêëèïîìÄÅÉæÆôöòûùÿÖÜ¢£¥₧ƒáíóúñÑªº¿⌐¬½¼¡«»░▒▓│┤╡╢╖╕╣║╗╝╜╛┐└┴┬├─┼╞╟╚╔╩╦╠═╬╧╨╤╥╙╘╒╓╫╪┘┌█▄▌▐▀αßΓπΣσµτΦΘΩδ∞φε∩≡±≥≤⌠⌡÷≈°∙·√ⁿ²■ 
---------- latin CP850 ----------
256
~ !"#$%&'()*+,-./0123456789:;<=>?@ABCDEFGHIJKLMNOPQRSTUVWXYZ[\]^_`abcdefghijklmnopqrstuvwxyz{|}~ÇüéâäàåçêëèïîìÄÅÉæÆôöòûùÿÖÜø£Ø×ƒáíóúñÑªº¿®¬½¼¡«»░▒▓│┤ÁÂÀ©╣║╗╝¢¥┐└┴┬├─┼ãÃ╚╔╩╦╠═╬¤ðÐÊËÈıÍÎÏ┘┌█▄¦Ì▀ÓßÔÒõÕµþÞÚÛÙýÝ¯´­±‗¾¶§÷¸°¨·¹³²■ 
round trip 1
double trip 1
~ !"#$%&'()*+,-./0123456789:;<=>?@ABCDEFGHIJKLMNOPQRSTUVWXYZ[\]^_`abcdefghijklmnopqrstuvwxyz{|}~ÇüéâäàåçêëèïîìÄÅÉæÆôöòûùÿÖÜø£Ø×ƒáíóúñÑªº¿®¬½¼¡«»░▒▓│┤ÁÂÀ©╣║╗╝¢¥┐└┴┬├─┼ãÃ╚╔╩╦╠═╬¤ðÐÊËÈıÍÎÏ┘┌█▄¦Ì▀ÓßÔÒõÕµþÞÚÛÙýÝ¯´­±‗¾¶§÷¸°¨·¹³²■ 
---------- greek CP737 ----------
256
~ !"#$%&'()*+,-./0123456789:;<=>?@ABCDEFGHIJKLMNOPQRSTUVWXYZ[\]^_`abcdefghijklmnopqrstuvwxyz{|}~ΑΒΓΔΕΖΗΘΙΚΛΜΝΞΟΠΡΣΤΥΦΧΨΩαβγδεζηθικλμνξοπρσςτυφχψ░▒▓│┤╡╢╖╕╣║╗╝╜╛┐└┴┬├─┼╞╟╚╔╩╦╠═╬╧╨╤╥╙╘╒╓╫╪┘┌█▄▌▐▀ωάέήϊίόύϋώΆΈΉΊΌΎΏ±≥≤ΪΫ÷≈°∙·√ⁿ²■ 
round trip 1
double trip 1
~ !"#$%&'()*+,-./0123456789:;<=>?@ABCDEFGHIJKLMNOPQRSTUVWXYZ[\]^_`abcdefghijklmnopqrstuvwxyz{|}~ΑΒΓΔΕΖΗΘΙΚΛΜΝΞΟΠΡΣΤΥΦΧΨΩαβγδεζηθικλμνξοπρσςτυφχψ░▒▓│┤╡╢╖╕╣║╗╝╜╛┐└┴┬├─┼╞╟╚╔╩╦╠═╬╧╨╤╥╙╘╒╓╫╪┘┌█▄▌▐▀ωάέήϊίόύϋώΆΈΉΊΌΎΏ±≥≤ΪΫ÷≈°∙·√ⁿ²■ 
---------- arabic CP1256 ----------
256
~ !"#$%&'()*+,-./0123456789:;<=>?@ABCDEFGHIJKLMNOPQRSTUVWXYZ[\]^_`abcdefghijklmnopqrstuvwxyz{|}~€پ‚ƒ„…†‡ˆ‰ٹ‹Œچژڈگ‘’“”•–—ک™ڑ›œ‌‍ں ،¢£¤¥¦§¨©ھ«¬­®¯°±²³´µ¶·¸¹؛»¼½¾؟ہءآأؤإئابةتثجحخدذرزسشصض×طظعغـفقكàلâمنهوçèéêëىيîïًٌٍَôُِ÷ّùْûü‎‏ے
round trip 1
double trip 1
~ !"#$%&'()*+,-./0123456789:;<=>?@ABCDEFGHIJKLMNOPQRSTUVWXYZ[\]^_`abcdefghijklmnopqrstuvwxyz{|}~€پ‚ƒ„…†‡ˆ‰ٹ‹Œچژڈگ‘’“”•–—ک™ڑ›œ‌‍ں ،¢£¤¥¦§¨©ھ«¬­®¯°±²³´µ¶·¸¹؛»¼½¾؟ہءآأؤإئابةتثجحخدذرزسشصض×طظعغـفقكàلâمنهوçèéêëىيîïًٌٍَôُِ÷ّùْûü‎‏ے
cp_allo1=B0DBDBDE
cp_allo2=B0DBDBDE
hash(1000) of "xyz"=274
axyzd
abc
axyzd
abc
axyzc
abc
axyzc
axyzc
xxxx
xxxx
xyxyxyxy
test reading from middle of utf8 byte sequence test=CEA3
 Α α, Β β, Γ γ, Δ δ, Ε ε, Ζ ζ, Η η, Θ θ, Ι ι, Κ κ, Λ λ, Μ μ, Ν ν, Ξ ξ, Ο ο, Π π, Ρ ρ, Σ σ/ς, Τ τ, Υ υ, Φ φ, Χ χ, Ψ ψ, and Ω ω.
 α α, β β, γ γ, δ δ, ε ε, ζ ζ, η η, θ θ, ι ι, κ κ, λ λ, μ μ, ν ν, ξ ξ, ο ο, π π, ρ ρ, σ σ/ς, τ τ, υ υ, φ φ, χ χ, ψ ψ, and ω ω.
 Α Α, Β Β, Γ Γ, Δ Δ, Ε Ε, Ζ Ζ, Η Η, Θ Θ, Ι Ι, Κ Κ, Λ Λ, Μ Μ, Ν Ν, Ξ Ξ, Ο Ο, Π Π, Ρ Ρ, Σ Σ/Σ, Τ Τ, Υ Υ, Φ Φ, Χ Χ, Ψ Ψ, AND Ω Ω.
20CE9120CEB12C20CE9220CEB22C20CE9320CEB32C20CE9420CEB42C20CE9520CEB52C20CE9620CEB62C20CE9720CEB72C20CE9820CEB82C20CE9920CEB92C20CE9A20CEBA2C20CE9B20CEBB2C20CE9C20CEBC2C20CE9D20CEBD2C20CE9E20CEBE2C20CE9F20CEBF2C20CEA020CF802C20CEA120CF812C20CEA320CF832FCF822C20CEA420CF842C20CEA520CF852C20CEA620CF862C20CEA720CF872C20CEA820CF882C20616E6420CEA920CF892E
greek utf8 tested ok
1235
1234
123.45
123.45 
123.45CR
123.45DR
<123.45>
123,45-
123.45DR
123.45CR
<123.00>
<123.40>
123,45-
123.456.789,12-
23.456.789,12-
3.456.789,12-
123.456.789,123456-
1
0.45
0.45 
0.45CR
0.45DR
<0.45>
0,45-
0.45DR
0.45CR
<123.00>
<123.40>
123,45-
123.456.789,12-
23.456.789,12-
3.456.789,12-
123.456.789,123456-
test_main says 'Hello World!'
Original Locale=en_US.utf8
123
TRACE: letters="γΓ"
Expected:γΓ Actual:γΓ
Expected:"" Actual:
Expected:γΓ Actual:γΓ
COMMAND-test_main1
0.1
1.1
2.1
1.1
0.10000000000000009
1.1
0.10000000000000009
bc|5|2
xyz|9|0
abc|5|2
xyz|9|0
|999|0
|999|0
Test passed
